To honour the JVM settings for this build a single-use Daemon process will be forked. For more on this, please refer to https://docs.gradle.org/8.14/userguide/gradle_daemon.html#sec:disabling_the_daemon in the Gradle documentation.
Daemon will be stopped at the end of the build 

[Incubating] Problems report is available at: file:///Users/abel.venero/Documents/qa-scotia-frameworks/build/reports/problems/problems-report.html

FAILURE: Build failed with an exception.

* What went wrong:
Could not determine the dependencies of task ':api-core:compileJava'.
> Could not resolve all dependencies for configuration ':api-core:compileClasspath'.
   > Could not resolve project :common.
     Required by:
         project :api-core
      > Dependency resolution is looking for a library compatible with JVM runtime version 21, but 'project :common' is only compatible with JVM runtime version 23 or newer.

* Try:
> Change the dependency on 'project :common' to an earlier version that supports JVM runtime version 21.
> Run with --stacktrace option to get the stack trace.
> Run with --info or --debug option to get more log output.
> Run with --scan to get full insights.
> Get more help at https://help.gradle.org.

BUILD FAILED in 4s
